PREHOOK: query: CREATE TABLE exchange_part_test1 (f1 string) PARTITIONED BY (ds STRING)
PREHOOK: type: CREATETABLE
POSTHOOK: query: CREATE TABLE exchange_part_test1 (f1 string) PARTITIONED BY (ds STRING)
POSTHOOK: type: CREATETABLE
POSTHOOK: Output: default@exchange_part_test1
PREHOOK: query: SHOW PARTITIONS exchange_part_test1
PREHOOK: type: SHOWPARTITIONS
POSTHOOK: query: SHOW PARTITIONS exchange_part_test1
POSTHOOK: type: SHOWPARTITIONS
PREHOOK: query: ALTER TABLE exchange_part_test1 ADD PARTITION (ds='2013-04-05')
PREHOOK: type: ALTERTABLE_ADDPARTS
PREHOOK: Input: default@exchange_part_test1
POSTHOOK: query: ALTER TABLE exchange_part_test1 ADD PARTITION (ds='2013-04-05')
POSTHOOK: type: ALTERTABLE_ADDPARTS
POSTHOOK: Input: default@exchange_part_test1
POSTHOOK: Output: default@exchange_part_test1@ds=2013-04-05
PREHOOK: query: SHOW PARTITIONS exchange_part_test1
PREHOOK: type: SHOWPARTITIONS
POSTHOOK: query: SHOW PARTITIONS exchange_part_test1
POSTHOOK: type: SHOWPARTITIONS
ds=2013-04-05
FAILED: SemanticException [Error 10001]: Table not found exchange_part_test2
